MO Instr_Memory NULL "C:/Users/Michael Octavianus K/Desktop/P4-new/IM.v" vlg00/_instr___memory.bin 1564080101
MO extbyte NULL "C:/Users/Michael Octavianus K/Desktop/P4-new/ext.v" vlg6D/extbyte.bin 1564080101
MO PC NULL "C:/Users/Michael Octavianus K/Desktop/P4-new/PC.v" vlg53/_p_c.bin 1564080101
MO Controller NULL "C:/Users/Michael Octavianus K/Desktop/P4-new/Controller.v" vlg34/_controller.bin 1564080101
MO GRF NULL "C:/Users/Michael Octavianus K/Desktop/P4-new/GRF.v" vlg4F/_g_r_f.bin 1564080101
MO mips NULL "C:/Users/Michael Octavianus K/Desktop/P4-new/mips.v" vlg1D/mips.bin 1564080101
MO ext NULL "C:/Users/Michael Octavianus K/Desktop/P4-new/ext.v" vlg29/ext.bin 1564080101
MO ALU NULL "C:/Users/Michael Octavianus K/Desktop/P4-new/ALU.v" vlg2A/_a_l_u.bin 1564080101
MO DM_8bit NULL DM_8bit.v vlg2F/_d_m__8bit.bin 1564080101
